{
    "error": "cannot find workspace: pod for workspace foobar not found"
}